// Jest Snapshot v1, https://goo.gl/fbAQLP

exports[`Providers should render correctly 1`] = `
<div
  className="flex flex-col md:flex-row  items-center justify-center gap-5   sm:px-6 lg:px-8 w-full "
>
  <button
    aria-label="google"
    className="bg-googleRed py-4 px-20 w-full inline-flex items-center justify-center border border-gray-300 shadow-sm text-sm font-medium rounded-md text-white  "
    data-testid="google"
    onClick={[Function]}
    type="button"
  >
    <div>
      FaGoogle
    </div>
  </button>
  <h3
    className="text-center text-lg font-medium text-refubookBlue"
  >
    OR
  </h3>
  <button
    aria-label="facebook"
    className="bg-facebookBlue py-4 px-20 w-full inline-flex items-center justify-center border border-gray-300 shadow-sm text-sm font-medium rounded-md text-white  "
    data-testid="facebook"
    onClick={[Function]}
    type="button"
  >
    <div>
      FaFacebookF
    </div>
  </button>
</div>
`;
