// Jest Snapshot v1, https://goo.gl/fbAQLP

exports[`NotFound renders correctly 1`] = `
<div
  className="min-h-full pt-16 pb-12 flex flex-col bg-white"
>
  <main
    className="flex-grow flex flex-col justify-center max-w-7xl w-full mx-auto px-4 sm:px-6 lg:px-8"
  >
    <div
      className="flex-shrink-0 flex justify-center"
    >
      <Link
        className="inline-flex"
        to="/"
      >
        <span
          className="sr-only"
        >
          Workflow
        </span>
        <img
          alt=""
          className="h-12 w-auto"
          src="logo.svg"
        />
      </Link>
    </div>
    <div
      className="py-16"
    >
      <div
        className="text-center"
      >
        <p
          className="text-sm font-semibold text-refubookBlue uppercase tracking-wide"
        >
          404_Error
        </p>
        <h1
          className="mt-2 text-4xl font-extrabold text-gray-900 tracking-tight sm:text-5xl"
        >
          Page not found.
        </h1>
        <p
          className="mt-2 text-base text-refubookGray"
        >
          404_Error_Text
        </p>
        <div
          className="mt-6"
        >
          <Link
            className="text-base font-medium text-refubookBlue hover:text-refubookActiveNav"
            to="/"
          >
            404_Error_Go_Back
            <span
              aria-hidden="true"
            >
               â†’
            </span>
          </Link>
        </div>
      </div>
    </div>
  </main>
</div>
`;
