// Jest Snapshot v1, https://goo.gl/fbAQLP

exports[`UserBlogPosts should renders with user props correctly 1`] = `
<div
  className="bg-refubookWhite mt-32 mb-16  "
>
  <div
    className="md:container mx-auto px-4 sm:px-6 lg:px-8 max-w-sm"
  >
    <div
      className="flex justify-between items-center mb-5 px-5"
    >
      <h2
        className="md:text-2xl text-lg font-semibold text-refubookBlack"
      >
        Your_Blog_Posts
      </h2>
      <button
        className="flex items-center justify-center h-10 w-10 rounded-full bg-refubookActiveNav text-refubookWhite"
        onClick={[Function]}
        type="button"
      >
        <svg
          className="text-2xl"
          fill="currentColor"
          height="1em"
          stroke="currentColor"
          strokeWidth="0"
          style={
            Object {
              "color": undefined,
            }
          }
          t="1551322312294"
          version="1.1"
          viewBox="0 0 1024 1024"
          width="1em"
          xmlns="http://www.w3.org/2000/svg"
        >
          <defs />
          <path
            d="M474 152m8 0l60 0q8 0 8 8l0 704q0 8-8 8l-60 0q-8 0-8-8l0-704q0-8 8-8Z"
          />
          <path
            d="M168 474m8 0l672 0q8 0 8 8l0 60q0 8-8 8l-672 0q-8 0-8-8l0-60q0-8 8-8Z"
          />
        </svg>
      </button>
    </div>
    <div
      className="grid grid-cols-1 md:grid-cols-3 gap-4 container mx-auto"
    />
  </div>
</div>
`;
