// Jest Snapshot v1, https://goo.gl/fbAQLP

exports[`Testimonials renders correctly 1`] = `
<div
  className="flex flex-col md:flex-row items-center justify-evenly w-full bg-refubookWhite px-8 py-4"
  dir="ltr"
>
  <div
    className="flex flex-col items-center justify-center max-w-md"
  >
    <img
      alt=""
      className="w-96 h-96"
      src="world-map.svg"
    />
  </div>
  <div
    className="flex flex-col items-center justify-center max-w-xs md:max-w-md px-4"
  >
    <Swiper
      className="flex items-center justify-center w-full gap-3"
      loop={true}
      modules={
        Array [
          "Pagination",
        ]
      }
      pagination={
        Object {
          "clickable": true,
        }
      }
    >
      <SwiperSlide
        className=" flex flex-col  gap-3 "
      >
        <h3
          className="text-lg text-refubookBlack font-normal md:text-justify  text-center"
        >
          Testimonials_Maria_Comment
        </h3>
        <span
          className="text-md  text-refubookLightBlue font-light md:text-left text-center"
        >
          Maria
        </span>
        <span
          className="text-md  text-refubookLightBlue font-light md:text-left text-center mb-8"
        >
          Mexico
        </span>
      </SwiperSlide>
      <SwiperSlide
        className=" flex flex-col  gap-3 "
      >
        <h3
          className="text-lg text-refubookBlack font-normal md:text-justify  text-center"
        >
          Testimonials_Hassan_Comment
        </h3>
        <span
          className="text-md  text-refubookLightBlue font-light md:text-left text-center"
        >
          Hassan
        </span>
        <span
          className="text-md  text-refubookLightBlue font-light md:text-left text-center mb-8"
        >
          Afghanistan
        </span>
      </SwiperSlide>
      <SwiperSlide
        className=" flex flex-col  gap-3 "
      >
        <h3
          className="text-lg text-refubookBlack font-normal md:text-justify  text-center"
        >
          Testimonials_Olga_Comment
        </h3>
        <span
          className="text-md  text-refubookLightBlue font-light md:text-left text-center"
        >
          Olga
        </span>
        <span
          className="text-md  text-refubookLightBlue font-light md:text-left text-center mb-8"
        >
          Ukraine
        </span>
      </SwiperSlide>
      <SwiperSlide
        className=" flex flex-col  gap-3 "
      >
        <h3
          className="text-lg text-refubookBlack font-normal md:text-justify  text-center"
        >
          Testimonials_John_Comment
        </h3>
        <span
          className="text-md  text-refubookLightBlue font-light md:text-left text-center"
        >
          John
        </span>
        <span
          className="text-md  text-refubookLightBlue font-light md:text-left text-center mb-8"
        >
          South Sudan
        </span>
      </SwiperSlide>
    </Swiper>
  </div>
</div>
`;
