// Jest Snapshot v1, https://goo.gl/fbAQLP

exports[`Navbar should render correctly 1`] = `
<div
  className=" w-full  z-[100] py-6 px-8"
>
  <div
    className="flex justify-between  items-center w-full h-full "
  >
    <div
      className="flex items-center"
    >
      <button
        className="md:hidden block cursor-pointer  "
        onClick={[Function]}
        type="button"
      >
        <svg
          fill="currentColor"
          height={25}
          stroke="currentColor"
          strokeWidth="0"
          style={
            Object {
              "color": undefined,
            }
          }
          viewBox="0 0 448 512"
          width={25}
          xmlns="http://www.w3.org/2000/svg"
        >
          <path
            d="M16 132h416c8.837 0 16-7.163 16-16V76c0-8.837-7.163-16-16-16H16C7.163 60 0 67.163 0 76v40c0 8.837 7.163 16 16 16zm0 160h416c8.837 0 16-7.163 16-16v-40c0-8.837-7.163-16-16-16H16c-8.837 0-16 7.163-16 16v40c0 8.837 7.163 16 16 16zm0 160h416c8.837 0 16-7.163 16-16v-40c0-8.837-7.163-16-16-16H16c-8.837 0-16 7.163-16 16v40c0 8.837 7.163 16 16 16z"
          />
        </svg>
      </button>
      <Link
        className="text-refubookBlue font-bold text-xl  gap-2 md:flex items-center hidden "
        to="/"
      >
        <img
          alt="Refubook Logo"
          className="h-10 w-10 "
          src="logo.svg"
        />
        Refubook
      </Link>
    </div>
    <div
      className="hidden md:flex items-center gap-4"
    >
      <ul
        className="hidden md:flex"
      >
        <Link
          to="/"
        >
          <li
            className=" py-2 px-4   text-refubookBlue font-medium text-lg tracking-tight"
          >
            Home
          </li>
        </Link>
        <Link
          to="/about"
        >
          <li
            className=" py-2 px-4   text-refubookBlue font-medium text-lg tracking-tight"
          >
            About
          </li>
        </Link>
        <Link
          to="/blog"
        >
          <li
            className=" py-2 px-4   text-refubookBlue font-medium text-lg tracking-tight"
          >
            Blog
          </li>
        </Link>
        <Link
          to="/contact"
        >
          <li
            className=" py-2 px-4   text-refubookBlue font-medium text-lg tracking-tight"
          >
            Contact
          </li>
        </Link>
      </ul>
      <div
        className="relative inline-block text-left"
        data-headlessui-state=""
      >
        <div>
          <button
            aria-expanded={false}
            aria-haspopup="menu"
            className="flex items-center justify-center w-full px-4 py-2 text-sm font-medium text-white bg-refubookBlue border border-transparent rounded-md hover:bg-refubookActiveNav focus:outline-none focus-visible:ring-2 focus-visible:ring-white focus-visible:ring-opacity-75"
            data-headlessui-state=""
            id="headlessui-menu-button-:r0:"
            onClick={[Function]}
            onKeyDown={[Function]}
            onKeyUp={[Function]}
            type="button"
          >
            <img
              alt="profile pic"
              className="w-8 h-8 rounded-full mr-2"
              onError={[Function]}
            />
            <p
              className="mr-2"
            />
            <svg
              aria-hidden="true"
              className="ml-2 -mr-1 h-5 w-5"
              fill="currentColor"
              height="1em"
              stroke="currentColor"
              strokeWidth="0"
              style={
                Object {
                  "color": undefined,
                }
              }
              viewBox="0 0 16 16"
              width="1em"
              xmlns="http://www.w3.org/2000/svg"
            >
              <path
                d="M1.646 4.646a.5.5 0 0 1 .708 0L8 10.293l5.646-5.647a.5.5 0 0 1 .708.708l-6 6a.5.5 0 0 1-.708 0l-6-6a.5.5 0 0 1 0-.708z"
                fillRule="evenodd"
              />
            </svg>
          </button>
        </div>
      </div>
    </div>
  </div>
  <div
    className=""
  >
    <div
      className="fixed left-[-100%] top-0 bottom-0 p-10 ease-in duration-500 bg-refubookWhite"
    >
      <div>
        <div
          className="flex w-full items-center "
        >
          <button
            className="rounded-full  p-3 cursor-pointer text-refubookBlue text-2xl"
            onClick={[Function]}
            type="button"
          >
            <svg
              fill="currentColor"
              height="1em"
              stroke="currentColor"
              strokeWidth="0"
              style={
                Object {
                  "color": undefined,
                }
              }
              viewBox="0 0 448 512"
              width="1em"
              xmlns="http://www.w3.org/2000/svg"
            >
              <path
                d="M257.5 445.1l-22.2 22.2c-9.4 9.4-24.6 9.4-33.9 0L7 273c-9.4-9.4-9.4-24.6 0-33.9L201.4 44.7c9.4-9.4 24.6-9.4 33.9 0l22.2 22.2c9.5 9.5 9.3 25-.4 34.3L136.6 216H424c13.3 0 24 10.7 24 24v32c0 13.3-10.7 24-24 24H136.6l120.5 114.8c9.8 9.3 10 24.8.4 34.3z"
              />
            </svg>
          </button>
        </div>
      </div>
      <div
        className="py-4 flex flex-col h-full"
      >
        <div
          className="flex flex-col max-w-sm  mx-auto items-center justify-center relative"
        >
          <img
            alt=""
            className="rounded-full max-w-full h-auto align-middle border-none shadow-lg"
            onError={[Function]}
          />
          <div
            className="absolute bottom-0 right-0 mt-4 mr-4 bg-profileStatusRed w-8 h-8 rounded-full"
          />
        </div>
        <div
          className=" relative inline-block text-left "
          data-headlessui-state=""
        >
          <button
            aria-expanded={false}
            aria-haspopup="menu"
            className="flex items-center justify-center w-full mt-2 text-sm font-semibold   "
            data-headlessui-state=""
            id="headlessui-menu-button-:r1:"
            onClick={[Function]}
            onKeyDown={[Function]}
            onKeyUp={[Function]}
            type="button"
          >
            <p
              className="mr-2 text-lg"
            />
            <svg
              aria-hidden="true"
              className="ml-2 -mr-1 text-2xl font-extrabold  text-refubookBlack"
              fill="currentColor"
              height="1em"
              stroke="currentColor"
              strokeWidth="0"
              style={
                Object {
                  "color": undefined,
                }
              }
              viewBox="0 0 16 16"
              width="1em"
              xmlns="http://www.w3.org/2000/svg"
            >
              <path
                d="M1.646 4.646a.5.5 0 0 1 .708 0L8 10.293l5.646-5.647a.5.5 0 0 1 .708.708l-6 6a.5.5 0 0 1-.708 0l-6-6a.5.5 0 0 1 0-.708z"
                fillRule="evenodd"
              />
            </svg>
          </button>
        </div>
        <ul
          className="flex flex-col ml-5 mt-28 h-full "
        >
          <Link
            to="/"
          >
            <li
              aria-hidden="true"
              className="py-2 text-2xl font-semibold text-refubookBlue"
              onClick={[Function]}
            >
              Home
            </li>
          </Link>
          <Link
            to="/about"
          >
            <li
              aria-hidden="true"
              className="py-2 text-2xl font-semibold text-refubookBlue"
              onClick={[Function]}
            >
              About
            </li>
          </Link>
          <Link
            to="/blog"
          >
            <li
              aria-hidden="true"
              className="py-2 text-2xl font-semibold text-refubookBlue"
              onClick={[Function]}
            >
              Blog
            </li>
          </Link>
          <Link
            to="/contact"
          >
            <li
              aria-hidden="true"
              className="py-2 text-2xl font-semibold text-refubookBlue"
              onClick={[Function]}
            >
              Contact
            </li>
          </Link>
        </ul>
      </div>
    </div>
  </div>
</div>
`;
