// Jest Snapshot v1, https://goo.gl/fbAQLP

exports[`EditProfile component should match snapshot 1`] = `
<div
  className="flex flex-col items-center justify-center gap-4"
>
  <form
    className="flex flex-col items-center justify-center gap-4"
  >
    <div
      className="flex flex-col items-center justify-center relative"
    >
      <svg
        className="animate-spin w-32 h-32 rounded-full"
        version="1.1"
        viewBox="0 0 100 100"
        x="0"
        xmlSpace="preserve"
        xmlns="http://www.w3.org/2000/svg"
        y="0"
      >
        <path
          d="M73 50c0-12.7-10.3-23-23-23S27 37.3 27 50m3.9 0c0-10.5 8.5-19.1 19.1-19.1S69.1 39.5 69.1 50"
          fill="#4699C2"
        >
          <animateTransform
            attributeName="transform"
            attributeType="XML"
            dur="1s"
            from="0 50 50"
            repeatCount="indefinite"
            to="360 50 50"
            type="rotate"
          />
        </path>
      </svg>
      <label
        className="absolute bottom-0 right-0 bg-refubookBlue p-2 rounded-full cursor-pointer"
        htmlFor="photoURL"
      >
        <img
          alt=""
          className="w-6 h-6"
          src="camera.png"
        />
        <input
          className="hidden"
          id="photoURL"
          name="photoURL"
          onChange={[MockFunction]}
          type="file"
        />
      </label>
    </div>
    <div
      className="flex flex-col items-center justify-center gap-2 w-full"
    />
    <div
      className="flex flex-col md:flex-row items-center justify-evenly gap-2 md:gap-10 w-full"
    >
      <label
        className="text-refubookBlue w-full font-medium text-lg"
        htmlFor="name"
      >
        Name
        :
        <input
          className="w-full border border-refubookGray p-2 rounded-md text-refubookBlack"
          id="name"
          type="text"
        />
      </label>
      <span
        className="text-red-500 text-sm"
      />
      <label
        className="text-refubookBlue w-full font-medium text-lg"
        htmlFor="surname"
      >
        Surname
        :
        <input
          className="w-full border border-refubookGray p-2 rounded-md text-refubookBlack"
          id="surname"
          type="text"
        />
      </label>
    </div>
    <div
      className="flex  items-center justify-center gap-2 w-full"
    >
      <label
        className="text-refubookBlue w-full font-medium text-lg"
        htmlFor="biography"
      >
        Biography
        :
        <textarea
          className="w-full border border-refubookGray p-1 rounded-md text-refubookBlack"
          id="biography"
          name="biography"
        />
      </label>
    </div>
    <div
      className="flex  items-center justify-center gap-2 w-full"
    >
      <label
        className="text-refubookBlue w-full font-medium text-lg"
        htmlFor="location"
      >
        Location
        :
        <input
          className="w-full border border-refubookGray p-2 rounded-md text-refubookBlack"
          id="location"
          name="location"
          type="text"
        />
      </label>
    </div>
    <div
      className="flex  items-center justify-evenly gap-2 w-full max-w-xs"
    >
      <button
        className=" group relative flex w-28 justify-center rounded-full border border-transparent bg-refubookBlue py-2 px-4  text-sm font-medium mt-8 text-refubookWhite hover:bg-refubookLightBlue focus:outline-none focus:ring-2 focus:ring-[#331416] focus:ring-offset-2"
        type="submit"
      >
        Save
      </button>
      <button
        className="group relative flex w-28 justify-center rounded-full border border-transparent bg-refubookWhite py-2 px-4 text-sm font-medium mt-8 text-refubookBlack hover:bg-refubookLightBlue focus:outline-none focus:ring-2 focus:ring-[#331416] focus:ring-offset-2"
        onClick={[Function]}
        type="button"
      >
        Cancel
      </button>
    </div>
  </form>
</div>
`;
