// Jest Snapshot v1, https://goo.gl/fbAQLP

exports[`renders correctly 1`] = `
<div
  className="bg-refubookWhite"
>
  <div
    className="flex flex-col md:flex-row justify-between container mx-auto "
  >
    <div
      className=" flex flex-col max-w-md gap-4 p-4 "
    >
      <h1
        className="text-4xl font-bold text-center"
      >
        Read_Also
      </h1>
      <div
        className="flex flex-col  gap-4 "
      />
    </div>
  </div>
</div>
`;
