// Jest Snapshot v1, https://goo.gl/fbAQLP

exports[`Features renders correctly 1`] = `
<div
  className="w-full flex flex-col items-center justify-center bg-refubookAboutBlue py-4 mt-5"
>
  <div
    className=" w-3/4  md:w-2/3 flex flex-col items-center gap-4 justify-center py-5"
  >
    <h1
      className="text-4xl md:text-3xl xl:text-4xl   text-refubookBlue font-bold text-center"
    >
      About
    </h1>
    <p
      className="text-md leading-relaxed md:text-lg  text-refubookLightBlack font-medium text-justify md:text-center"
    >
      About_RefuBook_Website
    </p>
    <Link
      to="about"
    >
      <button
        className=" py-1 px-3 md:py-2 md:px-9 bg-refubookBlue text-refubookWhite font-bold text-lg md:text-xl  rounded-full shadow-lg hover:bg-refubookWhite hover:text-refubookBlack transition duration-500 ease-in-out"
        type="button"
      >
        Learn_More
      </button>
    </Link>
  </div>
  <div
    className="w-full flex flex-col items-center md:flex-row-reverse justify-center 2xl:justify-evenly gap-4 py-5"
  >
    <img
      alt=""
      src="features-illustration.svg"
    />
    <div
      className="block md:hidden w-full max-w-sm"
    >
      <Swiper
        modules={
          Array [
            "Pagination",
          ]
        }
        pagination={
          Object {
            "clickable": true,
          }
        }
      >
        <SwiperSlide>
          <div
            className=" flex flex-col items-center justify-center gap-5 py-5"
          >
            <img
              alt=""
              src="star.svg"
            />
            <p
              className="text-md  text-refubookLightBlack font-medium text-center"
            />
            <p
              className="text-md  text-refubookLightBlack font-medium text-center mb-4"
            />
          </div>
        </SwiperSlide>
        <SwiperSlide>
          <div
            className=" flex flex-col items-center justify-center gap-5 py-5"
          >
            <img
              alt=""
              src="star.svg"
            />
            <p
              className="text-md  text-refubookLightBlack font-medium text-center"
            />
            <p
              className="text-md  text-refubookLightBlack font-medium text-center mb-4"
            />
          </div>
        </SwiperSlide>
        <SwiperSlide>
          <div
            className=" flex flex-col items-center justify-center gap-5 py-5"
          >
            <img
              alt=""
              src="star.svg"
            />
            <p
              className="text-md  text-refubookLightBlack font-medium text-center"
            />
            <p
              className="text-md  text-refubookLightBlack font-medium text-center mb-4"
            />
          </div>
        </SwiperSlide>
        <SwiperSlide>
          <div
            className=" flex flex-col items-center justify-center gap-5 py-5"
          >
            <img
              alt=""
              src="star.svg"
            />
            <p
              className="text-md  text-refubookLightBlack font-medium text-center"
            />
            <p
              className="text-md  text-refubookLightBlack font-medium text-center mb-4"
            />
          </div>
        </SwiperSlide>
      </Swiper>
    </div>
    <div
      className="hidden md:grid grid-cols-2 grid-rows-2 gap-2 justify-start px-10"
    >
      <div
        className=" max-w-sm flex flex-col items-center   gap-4 py-5"
      >
        <div
          className="flex items-center justify-start w-full gap-4"
        >
          <img
            alt=""
            src="star.svg"
          />
          <h4
            className="text-lg text-refubookLightBlack text-left font-bold"
          >
            Reliability
          </h4>
        </div>
        <p
          className="text-md text-refubookLightBlack font-medium text-left"
        >
          Reliability_Text
        </p>
      </div>
      <div
        className=" max-w-sm flex flex-col items-center   gap-4 py-5"
      >
        <div
          className="flex items-center justify-start w-full gap-4"
        >
          <img
            alt=""
            src="star.svg"
          />
          <h4
            className="text-lg text-refubookLightBlack text-left font-bold"
          >
            Motivation
          </h4>
        </div>
        <p
          className="text-md text-refubookLightBlack font-medium text-left"
        >
          Motivation_Text
        </p>
      </div>
      <div
        className=" max-w-sm flex flex-col items-center   gap-4 py-5"
      >
        <div
          className="flex items-center justify-start w-full gap-4"
        >
          <img
            alt=""
            src="star.svg"
          />
          <h4
            className="text-lg text-refubookLightBlack text-left font-bold"
          >
            Efficiency
          </h4>
        </div>
        <p
          className="text-md text-refubookLightBlack font-medium text-left"
        >
          Efficiency_Text
        </p>
      </div>
      <div
        className=" max-w-sm flex flex-col items-center   gap-4 py-5"
      >
        <div
          className="flex items-center justify-start w-full gap-4"
        >
          <img
            alt=""
            src="star.svg"
          />
          <h4
            className="text-lg text-refubookLightBlack text-left font-bold"
          >
            Creativity
          </h4>
        </div>
        <p
          className="text-md text-refubookLightBlack font-medium text-left"
        >
          Creativity_Text
        </p>
      </div>
    </div>
  </div>
</div>
`;
